[25-Nov-2025 17:31:51] NOTICE: fpm is running, pid 90526
[25-Nov-2025 17:31:51] NOTICE: ready to handle connections
[25-Nov-2025 17:32:14] NOTICE: Terminating ...
[25-Nov-2025 17:32:14] NOTICE: Terminating ...
[25-Nov-2025 17:32:14] NOTICE: exiting, bye-bye!
[25-Nov-2025 18:25:53] NOTICE: fpm is running, pid 92888
[25-Nov-2025 18:25:53] NOTICE: ready to handle connections
[25-Nov-2025 18:42:47] NOTICE: Terminating ...
[25-Nov-2025 18:42:47] NOTICE: Terminating ...
[25-Nov-2025 18:42:47] NOTICE: exiting, bye-bye!
[25-Nov-2025 18:43:05] NOTICE: fpm is running, pid 94000
[25-Nov-2025 18:43:05] NOTICE: ready to handle connections
[25-Nov-2025 18:56:48] NOTICE: Terminating ...
[25-Nov-2025 18:56:48] NOTICE: Terminating ...
[25-Nov-2025 18:56:48] NOTICE: exiting, bye-bye!
[26-Nov-2025 20:31:40] NOTICE: fpm is running, pid 29739
[26-Nov-2025 20:31:40] NOTICE: ready to handle connections
[26-Nov-2025 20:34:06] NOTICE: Terminating ...
[26-Nov-2025 20:34:06] NOTICE: Terminating ...
[26-Nov-2025 20:34:06] NOTICE: exiting, bye-bye!
[11-Dec-2025 15:03:33] NOTICE: fpm is running, pid 62840
[11-Dec-2025 15:03:33] NOTICE: ready to handle connections
